// Jest Snapshot v1, https://goo.gl/fbAQLP

exports[`Table valueEnum üéè dynamic enum test 1`] = `
<div
  class="ant-select-dropdown ant-select-dropdown-placement-bottomLeft "
  style="min-width: 0; width: 0px; opacity: 0; left: -999px; top: -995px;"
>
  <div>
    <div
      id="status_list"
      role="listbox"
      style="height: 0px; width: 0px; overflow: hidden;"
    >
      <div
        aria-label="ÂÖ≥Èó≠"
        aria-selected="false"
        id="status_list_0"
        role="option"
      >
        0
      </div>
      <div
        aria-label="ËøêË°å‰∏≠"
        aria-selected="false"
        id="status_list_1"
        role="option"
      >
        1
      </div>
    </div>
    <div
      class="rc-virtual-list"
      style="position: relative;"
    >
      <div
        class="rc-virtual-list-holder"
        style="max-height: 256px; overflow-y: auto;"
      >
        <div>
          <div
            class="rc-virtual-list-holder-inner"
            style="display: flex; flex-direction: column;"
          >
            <div
              aria-selected="false"
              class="ant-select-item ant-select-item-option ant-select-item-option-active"
              label="ÂÖ≥Èó≠"
            >
              <div
                class="ant-select-item-option-content"
              >
                ÂÖ≥Èó≠
              </div>
              <span
                aria-hidden="true"
                class="ant-select-item-option-state"
                style="user-select: none;"
                unselectable="on"
              />
            </div>
            <div
              aria-selected="false"
              class="ant-select-item ant-select-item-option"
              label="ËøêË°å‰∏≠"
            >
              <div
                class="ant-select-item-option-content"
              >
                ËøêË°å‰∏≠
              </div>
              <span
                aria-hidden="true"
                class="ant-select-item-option-state"
                style="user-select: none;"
                unselectable="on"
              />
            </div>
            <div
              aria-selected="false"
              class="ant-select-item ant-select-item-option"
              label="Â∑≤‰∏äÁ∫ø"
            >
              <div
                class="ant-select-item-option-content"
              >
                Â∑≤‰∏äÁ∫ø
              </div>
              <span
                aria-hidden="true"
                class="ant-select-item-option-state"
                style="user-select: none;"
                unselectable="on"
              />
            </div>
            <div
              aria-selected="false"
              class="ant-select-item ant-select-item-option"
              label="ÂºÇÂ∏∏"
            >
              <div
                class="ant-select-item-option-content"
              >
                ÂºÇÂ∏∏
              </div>
              <span
                aria-hidden="true"
                class="ant-select-item-option-state"
                style="user-select: none;"
                unselectable="on"
              />
            </div>
          </div>
        </div>
      </div>
    </div>
  </div>
</div>
`;
