// Jest Snapshot v1, https://goo.gl/fbAQLP

exports[`field demos renders ./packages/field/src/demos/base.tsx correctly 1`] = `
Array [
  <div
    class="ant-space ant-space-horizontal ant-space-align-center"
  >
    <div
      class="ant-space-item"
      style="margin-right: 8px;"
    >
      <div
        class="ant-radio-group ant-radio-group-outline"
      >
        <label
          class="ant-radio-wrapper ant-radio-wrapper-checked"
        >
          <span
            class="ant-radio ant-radio-checked"
          >
            <input
              checked=""
              class="ant-radio-input"
              type="radio"
              value="read"
            />
            <span
              class="ant-radio-inner"
            />
          </span>
          <span>
            只读
          </span>
        </label>
        <label
          class="ant-radio-wrapper"
        >
          <span
            class="ant-radio"
          >
            <input
              class="ant-radio-input"
              type="radio"
              value="edit"
            />
            <span
              class="ant-radio-inner"
            />
          </span>
          <span>
            编辑
          </span>
        </label>
      </div>
    </div>
    <div
      class="ant-space-item"
      style="margin-right: 8px;"
    >
      简约模式
    </div>
    <div
      class="ant-space-item"
    >
      <button
        aria-checked="false"
        class="ant-switch"
        role="switch"
        type="button"
      >
        <div
          class="ant-switch-handle"
        />
        <span
          class="ant-switch-inner"
        />
      </button>
    </div>
  </div>,
  <br />,
  <br />,
  <div
    class="ant-descriptions"
  >
    <div
      class="ant-descriptions-view"
    >
      <table>
        <tbody>
          <tr
            class="ant-descriptions-row"
          >
            <td
              class="ant-descriptions-item"
              colspan="1"
            >
              <div
                class="ant-descriptions-item-container"
              >
                <span
                  class="ant-descriptions-item-label"
                >
                  空字符串
                </span>
                <span
                  class="ant-descriptions-item-content"
                >
                  -
                </span>
              </div>
            </td>
            <td
              class="ant-descriptions-item"
              colspan="1"
            >
              <div
                class="ant-descriptions-item-container"
              >
                <span
                  class="ant-descriptions-item-label"
                >
                  头像
                </span>
                <span
                  class="ant-descriptions-item-content"
                >
                  <span
                    class="ant-avatar ant-avatar-circle ant-avatar-image"
                    style="width: 22px; height: 22px; line-height: 22px; font-size: 18px;"
                  >
                    <img
                      src="https://avatars2.githubusercontent.com/u/8186664?s=60&v=4"
                    />
                  </span>
                </span>
              </div>
            </td>
          </tr>
          <tr
            class="ant-descriptions-row"
          >
            <td
              class="ant-descriptions-item"
              colspan="1"
            >
              <div
                class="ant-descriptions-item-container"
              >
                <span
                  class="ant-descriptions-item-label"
                >
                  文本
                </span>
                <span
                  class="ant-descriptions-item-content"
                >
                  这是一段文本
                </span>
              </div>
            </td>
            <td
              class="ant-descriptions-item"
              colspan="1"
            >
              <div
                class="ant-descriptions-item-container"
              >
                <span
                  class="ant-descriptions-item-label"
                >
                  金额
                </span>
                <span
                  class="ant-descriptions-item-content"
                >
                  <span>
                    ￥ 100
                  </span>
                </span>
              </div>
            </td>
          </tr>
          <tr
            class="ant-descriptions-row"
          >
            <td
              class="ant-descriptions-item"
              colspan="1"
            >
              <div
                class="ant-descriptions-item-container"
              >
                <span
                  class="ant-descriptions-item-label"
                >
                  数字
                </span>
                <span
                  class="ant-descriptions-item-content"
                >
                  <span>
                    ￥ 19897979797979
                  </span>
                </span>
              </div>
            </td>
            <td
              class="ant-descriptions-item"
              colspan="1"
            >
              <div
                class="ant-descriptions-item-container"
              >
                <span
                  class="ant-descriptions-item-label"
                >
                  百分比
                </span>
                <span
                  class="ant-descriptions-item-content"
                >
                  <span>
                    100.00%
                  </span>
                </span>
              </div>
            </td>
          </tr>
          <tr
            class="ant-descriptions-row"
          >
            <td
              class="ant-descriptions-item"
              colspan="1"
            >
              <div
                class="ant-descriptions-item-container"
              >
                <span
                  class="ant-descriptions-item-label"
                >
                  选择框
                </span>
                <span
                  class="ant-descriptions-item-content"
                >
                  <span
                    class="ant-badge ant-badge-status ant-badge-not-a-wrapper"
                  >
                    <span
                      class="ant-badge-status-dot ant-badge-status-error"
                    />
                    <span
                      class="ant-badge-status-text"
                    >
                      未解决
                    </span>
                  </span>
                </span>
              </div>
            </td>
            <td
              class="ant-descriptions-item"
              colspan="1"
            >
              <div
                class="ant-descriptions-item-container"
              >
                <span
                  class="ant-descriptions-item-label"
                >
                  远程选择框
                </span>
                <span
                  class="ant-descriptions-item-content"
                >
                  未解决
                </span>
              </div>
            </td>
          </tr>
          <tr
            class="ant-descriptions-row"
          >
            <td
              class="ant-descriptions-item"
              colspan="1"
            >
              <div
                class="ant-descriptions-item-container"
              >
                <span
                  class="ant-descriptions-item-label"
                >
                  进度条
                </span>
                <span
                  class="ant-descriptions-item-content"
                >
                  <div
                    class="ant-progress ant-progress-line ant-progress-status-active ant-progress-show-info ant-progress-small"
                    style="min-width: 100px;"
                  >
                    <div
                      class="ant-progress-outer"
                    >
                      <div
                        class="ant-progress-inner"
                      >
                        <div
                          class="ant-progress-bg"
                          style="width: 40%; height: 6px;"
                        />
                      </div>
                    </div>
                    <span
                      class="ant-progress-text"
                      title="40%"
                    >
                      40%
                    </span>
                  </div>
                </span>
              </div>
            </td>
            <td
              class="ant-descriptions-item"
              colspan="1"
            >
              <div
                class="ant-descriptions-item-container"
              >
                <span
                  class="ant-descriptions-item-label"
                >
                  百分比
                </span>
                <span
                  class="ant-descriptions-item-content"
                >
                  <div
                    class="ant-space ant-space-horizontal ant-space-align-center"
                  >
                    <div
                      class="ant-space-item"
                      style="margin-right: 8px;"
                    >
                      <span
                        style="color: rgb(255, 77, 79);"
                      >
                        + 10.00%
                      </span>
                    </div>
                    <div
                      class="ant-space-item"
                      style="margin-right: 8px;"
                    >
                      <span
                        style="color: rgb(89, 89, 89);"
                      >
                         0.00%
                      </span>
                    </div>
                    <div
                      class="ant-space-item"
                    >
                      <span
                        style="color: rgb(82, 196, 26);"
                      >
                        - 10.00%
                      </span>
                    </div>
                  </div>
                </span>
              </div>
            </td>
          </tr>
          <tr
            class="ant-descriptions-row"
          >
            <td
              class="ant-descriptions-item"
              colspan="1"
            >
              <div
                class="ant-descriptions-item-container"
              >
                <span
                  class="ant-descriptions-item-label"
                >
                  日期时间
                </span>
                <span
                  class="ant-descriptions-item-content"
                >
                  <span>
                    2019-11-16 12:50:26
                  </span>
                </span>
              </div>
            </td>
            <td
              class="ant-descriptions-item"
              colspan="1"
            >
              <div
                class="ant-descriptions-item-container"
              >
                <span
                  class="ant-descriptions-item-label"
                >
                  日期
                </span>
                <span
                  class="ant-descriptions-item-content"
                >
                  <span>
                    2019-11-16
                  </span>
                </span>
              </div>
            </td>
          </tr>
          <tr
            class="ant-descriptions-row"
          >
            <td
              class="ant-descriptions-item"
              colspan="1"
            >
              <div
                class="ant-descriptions-item-container"
              >
                <span
                  class="ant-descriptions-item-label"
                >
                  日期区间
                </span>
                <span
                  class="ant-descriptions-item-content"
                >
                  <div>
                    <div>
                      2019-11-15
                    </div>
                    <div>
                      2019-11-16
                    </div>
                  </div>
                </span>
              </div>
            </td>
            <td
              class="ant-descriptions-item"
              colspan="1"
            >
              <div
                class="ant-descriptions-item-container"
              >
                <span
                  class="ant-descriptions-item-label"
                >
                  日期时间区间
                </span>
                <span
                  class="ant-descriptions-item-content"
                >
                  <div>
                    <div>
                      2019-11-15 12:50:26
                    </div>
                    <div>
                      2019-11-16 12:50:26
                    </div>
                  </div>
                </span>
              </div>
            </td>
          </tr>
          <tr
            class="ant-descriptions-row"
          >
            <td
              class="ant-descriptions-item"
              colspan="1"
            >
              <div
                class="ant-descriptions-item-container"
              >
                <span
                  class="ant-descriptions-item-label"
                >
                  时间
                </span>
                <span
                  class="ant-descriptions-item-content"
                >
                  <span>
                    12:50:26
                  </span>
                </span>
              </div>
            </td>
            <td
              class="ant-descriptions-item"
              colspan="1"
            >
              <div
                class="ant-descriptions-item-container"
              >
                <span
                  class="ant-descriptions-item-label"
                >
                  代码块
                </span>
                <span
                  class="ant-descriptions-item-content"
                >
                  <pre
                    style="padding: 16px; overflow: auto; font-size: 85%; line-height: 1.45; background-color: rgb(246, 248, 250); border-radius: 3px;"
                  >
                    <code>
                      
            yarn run v1.22.0
            $ eslint --cache --ext .js,.jsx,.ts,.tsx --format=pretty ./packages
            Done in 9.70s.
          
                    </code>
                  </pre>
                </span>
              </div>
            </td>
          </tr>
          <tr
            class="ant-descriptions-row"
          >
            <td
              class="ant-descriptions-item"
              colspan="2"
            >
              <div
                class="ant-descriptions-item-container"
              >
                <span
                  class="ant-descriptions-item-label"
                >
                  JSON 代码块
                </span>
                <span
                  class="ant-descriptions-item-content"
                >
                  <pre
                    style="padding: 16px; overflow: auto; font-size: 85%; line-height: 1.45; background-color: rgb(246, 248, 250); border-radius: 3px;"
                  >
                    <code>
                      {
  "compilerOptions": {
    "target": "esnext",
    "moduleResolution": "node",
    "jsx": "preserve",
    "esModuleInterop": true,
    "experimentalDecorators": true,
    "strict": true,
    "forceConsistentCasingInFileNames": true,
    "noImplicitReturns": true,
    "suppressImplicitAnyIndexErrors": true,
    "declaration": true,
    "skipLibCheck": true
  },
  "include": [
    "**/src",
    "**/docs",
    "scripts",
    "**/demo",
    ".eslintrc.js"
  ]
}
                    </code>
                  </pre>
                </span>
              </div>
            </td>
          </tr>
        </tbody>
      </table>
    </div>
  </div>,
]
`;
